=== ltl-01.1
$ cyclist ltl prove -S '(p ∨ ¬p)' -p -t 60
exit: 0
0: {(p ∨ ¬p)} (Disj) [1 <{}/{}>]
  1: {¬p, p} (Axiom)

=== ltl-02.1
$ cyclist ltl prove -S '(p ∧ ¬p)' -p -t 60
exit: 1
NOT proved: {(p ∧ ¬p)}

=== ltl-03.1
$ cyclist ltl prove -S '(¬p ∨ (◇ (p ∧ ◯ ¬p) ∨ □ p))' -p -t 60
exit: 0
0: {(¬p ∨ (◇ (p ∧ ◯ ¬p) ∨ □ p))} (Disj) [1 <{}/{}>]
  1: {(◇ (p ∧ ◯ ¬p) ∨ □ p), ¬p} (Disj) [2 <{}/{}>]
    2: {◇ (p ∧ ◯ ¬p), 1: □ p, ¬p} (Eventually) [3 <{(1, 1)}/{}>]
      3:
      {1: □ p, ◯ ◇ (p ∧ ◯ ¬p), (p ∧ ◯ ¬p), ¬p} (Conj) [4 <{(1, 1)}/{}>,
      5 <{(1, 1)}/{}>]
        4: {1: □ p, ◯ ◇ (p ∧ ◯ ¬p), ¬p, p} (Axiom)
        5:
        {1: □ p, ◯ ◇ (p ∧ ◯ ¬p), ◯ ¬p, ¬p} (Always) [6 <{}/{}>,
        7 <{}/{(1, 0)}>]
          6: {◯ ◇ (p ∧ ◯ ¬p), ◯ ¬p, ¬p, p} (Axiom)
          7: {◯ ◇ (p ∧ ◯ ¬p), 0: ◯ □ p, ◯ ¬p, ¬p} (Next) [8 <{}/{(0, 1)}>]
            8: {◇ (p ∧ ◯ ¬p), 1: □ p, ¬p} (Backlink) [2] <pre={(1, 1)}>

=== ltl-04.1
$ cyclist ltl prove -S '(◇ □ p ∨ ◇ □ ¬p)' -p -t 60
exit: 1
NOT proved: {(◇ □ p ∨ ◇ □ ¬p)}

=== ltl-05.1
$ cyclist ltl prove -S '(◇ □ p ∨ (◇ □ ¬p ∨ (□ ◇ p ∧ □ ◇ ¬p)))' -p -t 60
exit: 0
0: {(◇ □ p ∨ (◇ □ ¬p ∨ (□ ◇ p ∧ □ ◇ ¬p)))} (Disj) [1 <{}/{}>]
  1: {◇ □ p, (◇ □ ¬p ∨ (□ ◇ p ∧ □ ◇ ¬p))} (Disj) [2 <{}/{}>]
    2: {◇ □ ¬p, ◇ □ p, (□ ◇ p ∧ □ ◇ ¬p)} (Eventually) [3 <{}/{}>]
      3:
      {◇ □ p, 0: □ ¬p, ◯ ◇ □ ¬p, (□ ◇ p ∧ □ ◇ ¬p)} (Eventually) [4 <{(0, 0)}/
                                                                 {}>]
        4:
        {0: □ ¬p, 1: □ p, ◯ ◇ □ ¬p, ◯ ◇ □ p, (□ ◇ p ∧ □ ◇ ¬p)} (Conj) [
        5 <{(1, 1), (0, 0)}/{}>, 6 <{(1, 1), (0, 0)}/{}>]
          5:
          {2: □ ◇ p, 0: □ ¬p, 1: □ p, ◯ ◇ □ ¬p, ◯ ◇ □ p} (Always) [7 <
                                                                   {(1, 1),
                                                                   (0, 0)}/
                                                                   {}>,
          8 <{(1, 1), (0, 0)}/{(2, 2)}>]
            7:
            {◇ p, 0: □ ¬p, 1: □ p, ◯ ◇ □ ¬p, ◯ ◇ □ p} (Eventually) [9 <
                                                                    {
                                                                    (1, 1),
                                                                    (0, 0)}/
                                                                    {}>]
              9:
              {0: □ ¬p, 1: □ p, ◯ ◇ □ ¬p, ◯ ◇ □ p, ◯ ◇ p, p} (Always) [
              10 <{(1, 1)}/{}>, 11 <{(1, 1)}/{(0, 0)}>]
                10: {1: □ p, ◯ ◇ □ ¬p, ◯ ◇ □ p, ◯ ◇ p, ¬p, p} (Axiom)
                11:
                {1: □ p, ◯ ◇ □ ¬p, ◯ ◇ □ p, ◯ ◇ p, 0: ◯ □ ¬p, p} (Always) [
                12 <{(0, 0)}/{}>, 13 <{(0, 0)}/{(1, 1)}>]
                  12:
                  {◯ ◇ □ ¬p, ◯ ◇ □ p, ◯ ◇ p, 0: ◯ □ ¬p, p} (Next) [35 <
                                                                   {}/
                                                                   {(0, 0)}>]
                    35:
                    {◇ □ ¬p, ◇ □ p, ◇ p, 0: □ ¬p} (Eventually) [36 <{(0, 0)}/
                                                                {}>]
                      36:
                      {◇ □ p, ◇ p, 0: □ ¬p, ◯ ◇ □ ¬p} (Eventually) [37 <
                                                                    {
                                                                    (0, 0)}/
                                                                    {}>]
                        37:
                        {◇ p, 0: □ ¬p, 1: □ p, ◯ ◇ □ ¬p, ◯ ◇ □ p} (Eventually) [
                        38 <{(1, 1), (0, 0)}/{}>]
                          38:
                          {0: □ ¬p, 1: □ p, ◯ ◇ □ ¬p, ◯ ◇ □ p, ◯ ◇ p, p} (Always) [
                          39 <{(1, 1)}/{}>, 40 <{(1, 1)}/{(0, 0)}>]
                            39:
                            {1: □ p, ◯ ◇ □ ¬p, ◯ ◇ □ p, ◯ ◇ p, ¬p, p} (Axiom)
                            40:
                            {1: □ p, ◯ ◇ □ ¬p, ◯ ◇ □ p, ◯ ◇ p, 0: ◯ □ ¬p, p} (Always) [
                            41 <{(0, 0)}/{}>, 42 <{(0, 0)}/{(1, 1)}>]
                              41:
                              {◯ ◇ □ ¬p, ◯ ◇ □ p, ◯ ◇ p, 0: ◯ □ ¬p, p} (Backlink) [12] <pre=
                              {(0, 0)}>
                              42:
                              {◯ ◇ □ ¬p, ◯ ◇ □ p, ◯ ◇ p, 0: ◯ □ ¬p, 1: ◯ □ p,
                              p} (Backlink) [13] <pre={(1, 1), (0, 0)}>
                  13:
                  {◯ ◇ □ ¬p, ◯ ◇ □ p, ◯ ◇ p, 0: ◯ □ ¬p, 1: ◯ □ p, p} (Weaken) [
                  43 <{(0, 0)}/{}>]
                    43:
                    {◯ ◇ □ ¬p, ◯ ◇ □ p, ◯ ◇ p, 0: ◯ □ ¬p, p} (Backlink) [12] <pre=
                    {(0, 0)}>
            8:
            {0: □ ¬p, 1: □ p, ◯ ◇ □ ¬p, ◯ ◇ □ p, 2: ◯ □ ◇ p} (Always) [
            14 <{(2, 2), (1, 1)}/{}>, 15 <{(2, 2), (1, 1)}/{(0, 0)}>]
              14:
              {1: □ p, ◯ ◇ □ ¬p, ◯ ◇ □ p, 2: ◯ □ ◇ p, ¬p} (Always) [16 <
                                                                    {
                                                                    (2, 2)}/
                                                                    {}>,
              17 <{(2, 2)}/{(1, 0)}>]
                16: {◯ ◇ □ ¬p, ◯ ◇ □ p, 2: ◯ □ ◇ p, ¬p, p} (Axiom)
                17:
                {◯ ◇ □ ¬p, ◯ ◇ □ p, 2: ◯ □ ◇ p, 0: ◯ □ p, ¬p} (Next) [
                44 <{}/{(2, 1), (0, 0)}>]
                  44:
                  {◇ □ ¬p, ◇ □ p, 1: □ ◇ p, 0: □ p} (Eventually) [45 <
                                                                  {(1, 1),
                                                                  (0, 0)}/
                                                                  {}>]
                    45:
                    {◇ □ p, 1: □ ◇ p, 2: □ ¬p, 0: □ p, ◯ ◇ □ ¬p} (Eventually) [
                    46 <{(2, 2), (1, 1), (0, 0)}/{}>]
                      46:
                      {1: □ ◇ p, 2: □ ¬p, 0: □ p, ◯ ◇ □ ¬p, ◯ ◇ □ p} (Always) [
                      47 <{(2, 2), (0, 0)}/{}>,
                      48 <{(2, 2), (0, 0)}/{(1, 1)}>]
                        47:
                        {◇ p, 2: □ ¬p, 0: □ p, ◯ ◇ □ ¬p, ◯ ◇ □ p} (Eventually) [
                        49 <{(2, 2), (0, 0)}/{}>]
                          49:
                          {2: □ ¬p, 0: □ p, ◯ ◇ □ ¬p, ◯ ◇ □ p, ◯ ◇ p, p} (Always) [
                          50 <{(0, 0)}/{}>, 51 <{(0, 0)}/{(2, 1)}>]
                            50:
                            {0: □ p, ◯ ◇ □ ¬p, ◯ ◇ □ p, ◯ ◇ p, ¬p, p} (Axiom)
                            51:
                            {0: □ p, ◯ ◇ □ ¬p, ◯ ◇ □ p, ◯ ◇ p, 1: ◯ □ ¬p, p} (Always) [
                            52 <{(1, 1)}/{}>, 53 <{(1, 1)}/{(0, 0)}>]
                              52:
                              {◯ ◇ □ ¬p, ◯ ◇ □ p, ◯ ◇ p, 1: ◯ □ ¬p, p} (Backlink) [12] <pre=
                              {(1, 0)}>
                              53:
                              {◯ ◇ □ ¬p, ◯ ◇ □ p, ◯ ◇ p, 1: ◯ □ ¬p, 0: ◯ □ p,
                              p} (Backlink) [13] <pre={(1, 0), (0, 1)}>
                        48:
                        {2: □ ¬p, 0: □ p, ◯ ◇ □ ¬p, ◯ ◇ □ p, 1: ◯ □ ◇ p} (Always) [
                        54 <{(1, 1), (0, 0)}/{}>,
                        55 <{(1, 1), (0, 0)}/{(2, 2)}>]
                          54:
                          {0: □ p, ◯ ◇ □ ¬p, ◯ ◇ □ p, 1: ◯ □ ◇ p, ¬p} (Always) [
                          56 <{(1, 1)}/{}>, 57 <{(1, 1)}/{(0, 0)}>]
                            56:
                            {◯ ◇ □ ¬p, ◯ ◇ □ p, 1: ◯ □ ◇ p, ¬p, p} (Axiom)
                            57:
                            {◯ ◇ □ ¬p, ◯ ◇ □ p, 1: ◯ □ ◇ p, 0: ◯ □ p, ¬p} (Backlink) [17] <pre=
                            {(1, 2), (0, 0)}>
                          55:
                          {0: □ p, ◯ ◇ □ ¬p, ◯ ◇ □ p, 1: ◯ □ ◇ p, 2: ◯ □ ¬p} (Always) [
                          58 <{(2, 2), (1, 1)}/{}>,
                          59 <{(2, 2), (1, 1)}/{(0, 0)}>]
                            58:
                            {◯ ◇ □ ¬p, ◯ ◇ □ p, 1: ◯ □ ◇ p, 2: ◯ □ ¬p, p} (Backlink) [18] <pre=
                            {(2, 0), (1, 2)}>
                            59:
                            {◯ ◇ □ ¬p, ◯ ◇ □ p, 1: ◯ □ ◇ p, 2: ◯ □ ¬p,
                            0: ◯ □ p} (Backlink) [19] <pre={(2, 0), (1, 2),
                                                           (0, 1)}>
              15:
              {1: □ p, ◯ ◇ □ ¬p, ◯ ◇ □ p, 2: ◯ □ ◇ p, 0: ◯ □ ¬p} (Always) [
              18 <{(2, 2), (0, 0)}/{}>, 19 <{(2, 2), (0, 0)}/{(1, 1)}>]
                18:
                {◯ ◇ □ ¬p, ◯ ◇ □ p, 2: ◯ □ ◇ p, 0: ◯ □ ¬p, p} (Next) [
                60 <{}/{(2, 1), (0, 0)}>]
                  60:
                  {◇ □ ¬p, ◇ □ p, 1: □ ◇ p, 0: □ ¬p} (Eventually) [61 <
                                                                   {(1, 1),
                                                                   (0, 0)}/
                                                                   {}>]
                    61:
                    {◇ □ p, 1: □ ◇ p, 0: □ ¬p, ◯ ◇ □ ¬p} (Eventually) [
                    62 <{(1, 1), (0, 0)}/{}>]
                      62:
                      {1: □ ◇ p, 0: □ ¬p, 2: □ p, ◯ ◇ □ ¬p, ◯ ◇ □ p} (Always) [
                      63 <{(2, 2), (0, 0)}/{}>,
                      64 <{(2, 2), (0, 0)}/{(1, 1)}>]
                        63:
                        {◇ p, 0: □ ¬p, 2: □ p, ◯ ◇ □ ¬p, ◯ ◇ □ p} (Eventually) [
                        65 <{(2, 2), (0, 0)}/{}>]
                          65:
                          {0: □ ¬p, 2: □ p, ◯ ◇ □ ¬p, ◯ ◇ □ p, ◯ ◇ p, p} (Always) [
                          66 <{(2, 2)}/{}>, 67 <{(2, 2)}/{(0, 0)}>]
                            66:
                            {2: □ p, ◯ ◇ □ ¬p, ◯ ◇ □ p, ◯ ◇ p, ¬p, p} (Axiom)
                            67:
                            {2: □ p, ◯ ◇ □ ¬p, ◯ ◇ □ p, ◯ ◇ p, 0: ◯ □ ¬p, p} (Always) [
                            68 <{(0, 0)}/{}>, 69 <{(0, 0)}/{(2, 1)}>]
                              68:
                              {◯ ◇ □ ¬p, ◯ ◇ □ p, ◯ ◇ p, 0: ◯ □ ¬p, p} (Backlink) [12] <pre=
                              {(0, 0)}>
                              69:
                              {◯ ◇ □ ¬p, ◯ ◇ □ p, ◯ ◇ p, 0: ◯ □ ¬p, 1: ◯ □ p,
                              p} (Backlink) [13] <pre={(1, 1), (0, 0)}>
                        64:
                        {0: □ ¬p, 2: □ p, ◯ ◇ □ ¬p, ◯ ◇ □ p, 1: ◯ □ ◇ p} (Always) [
                        70 <{(2, 2), (1, 1)}/{}>,
                        71 <{(2, 2), (1, 1)}/{(0, 0)}>]
                          70:
                          {2: □ p, ◯ ◇ □ ¬p, ◯ ◇ □ p, 1: ◯ □ ◇ p, ¬p} (Always) [
                          72 <{(1, 1)}/{}>, 73 <{(1, 1)}/{(2, 0)}>]
                            72:
                            {◯ ◇ □ ¬p, ◯ ◇ □ p, 1: ◯ □ ◇ p, ¬p, p} (Axiom)
                            73:
                            {◯ ◇ □ ¬p, ◯ ◇ □ p, 1: ◯ □ ◇ p, 0: ◯ □ p, ¬p} (Backlink) [17] <pre=
                            {(1, 2), (0, 0)}>
                          71:
                          {2: □ p, ◯ ◇ □ ¬p, ◯ ◇ □ p, 1: ◯ □ ◇ p, 0: ◯ □ ¬p} (Always) [
                          74 <{(1, 1), (0, 0)}/{}>,
                          75 <{(1, 1), (0, 0)}/{(2, 2)}>]
                            74:
                            {◯ ◇ □ ¬p, ◯ ◇ □ p, 1: ◯ □ ◇ p, 0: ◯ □ ¬p, p} (Backlink) [18] <pre=
                            {(1, 2), (0, 0)}>
                            75:
                            {◯ ◇ □ ¬p, ◯ ◇ □ p, 1: ◯ □ ◇ p, 0: ◯ □ ¬p,
                            2: ◯ □ p} (Backlink) [19] <pre={(2, 1), (1, 2),
                                                           (0, 0)}>
                19:
                {◯ ◇ □ ¬p, ◯ ◇ □ p, 2: ◯ □ ◇ p, 0: ◯ □ ¬p, 1: ◯ □ p} (Next) [
                76 <{}/{(2, 2), (1, 0), (0, 1)}>]
                  76:
                  {◇ □ ¬p, ◇ □ p, 2: □ ◇ p, 1: □ ¬p, 0: □ p} (Weaken) [
                  77 <{(2, 2), (0, 0)}/{}>]
                    77:
                    {◇ □ ¬p, ◇ □ p, 2: □ ◇ p, 0: □ p} (Backlink) [44] <pre=
                    {(2, 1), (0, 0)}>
          6:
          {2: □ ◇ ¬p, 0: □ ¬p, 1: □ p, ◯ ◇ □ ¬p, ◯ ◇ □ p} (Always) [20 <
                                                                    {
                                                                    (1, 1),
                                                                    (0, 0)}/
                                                                    {}>,
          21 <{(1, 1), (0, 0)}/{(2, 2)}>]
            20:
            {◇ ¬p, 0: □ ¬p, 1: □ p, ◯ ◇ □ ¬p, ◯ ◇ □ p} (Eventually) [
            22 <{(1, 1), (0, 0)}/{}>]
              22:
              {0: □ ¬p, 1: □ p, ◯ ◇ □ ¬p, ◯ ◇ □ p, ◯ ◇ ¬p, ¬p} (Always) [
              23 <{(1, 1)}/{}>, 24 <{(1, 1)}/{(0, 0)}>]
                23:
                {1: □ p, ◯ ◇ □ ¬p, ◯ ◇ □ p, ◯ ◇ ¬p, ¬p} (Always) [25 <{}/{}>,
                26 <{}/{(1, 0)}>]
                  25: {◯ ◇ □ ¬p, ◯ ◇ □ p, ◯ ◇ ¬p, ¬p, p} (Axiom)
                  26:
                  {◯ ◇ □ ¬p, ◯ ◇ □ p, ◯ ◇ ¬p, 0: ◯ □ p, ¬p} (Next) [78 <
                                                                    {}/
                                                                    {
                                                                    (0, 0)}>]
                    78:
                    {◇ □ ¬p, ◇ □ p, ◇ ¬p, 0: □ p} (Eventually) [79 <{(0, 0)}/
                                                                {}>]
                      79:
                      {◇ □ p, ◇ ¬p, 1: □ ¬p, 0: □ p, ◯ ◇ □ ¬p} (Eventually) [
                      80 <{(1, 1), (0, 0)}/{}>]
                        80:
                        {◇ ¬p, 1: □ ¬p, 0: □ p, ◯ ◇ □ ¬p, ◯ ◇ □ p} (Eventually) [
                        81 <{(1, 1), (0, 0)}/{}>]
                          81:
                          {1: □ ¬p, 0: □ p, ◯ ◇ □ ¬p, ◯ ◇ □ p, ◯ ◇ ¬p, ¬p} (Always) [
                          82 <{(0, 0)}/{}>, 83 <{(0, 0)}/{(1, 1)}>]
                            82:
                            {0: □ p, ◯ ◇ □ ¬p, ◯ ◇ □ p, ◯ ◇ ¬p, ¬p} (Always) [
                            84 <{}/{}>, 85 <{}/{(0, 0)}>]
                              84: {◯ ◇ □ ¬p, ◯ ◇ □ p, ◯ ◇ ¬p, ¬p, p} (Axiom)
                              85:
                              {◯ ◇ □ ¬p, ◯ ◇ □ p, ◯ ◇ ¬p, 0: ◯ □ p, ¬p} (Backlink) [26] <pre=
                              {(0, 0)}>
                            83:
                            {0: □ p, ◯ ◇ □ ¬p, ◯ ◇ □ p, ◯ ◇ ¬p, 1: ◯ □ ¬p,
                            ¬p} (Always) [86 <{(1, 1)}/{}>,
                            87 <{(1, 1)}/{(0, 0)}>]
                              86:
                              {◯ ◇ □ ¬p, ◯ ◇ □ p, ◯ ◇ ¬p, 1: ◯ □ ¬p, ¬p, p} (Axiom)
                              87:
                              {◯ ◇ □ ¬p, ◯ ◇ □ p, ◯ ◇ ¬p, 1: ◯ □ ¬p,
                              0: ◯ □ p, ¬p} (Backlink) [28] <pre={(1, 0),
                                                                 (0, 1)}>
                24:
                {1: □ p, ◯ ◇ □ ¬p, ◯ ◇ □ p, ◯ ◇ ¬p, 0: ◯ □ ¬p, ¬p} (Always) [
                27 <{(0, 0)}/{}>, 28 <{(0, 0)}/{(1, 1)}>]
                  27: {◯ ◇ □ ¬p, ◯ ◇ □ p, ◯ ◇ ¬p, 0: ◯ □ ¬p, ¬p, p} (Axiom)
                  28:
                  {◯ ◇ □ ¬p, ◯ ◇ □ p, ◯ ◇ ¬p, 0: ◯ □ ¬p, 1: ◯ □ p, ¬p} (Weaken) [
                  88 <{(1, 1)}/{}>]
                    88:
                    {◯ ◇ □ ¬p, ◯ ◇ □ p, ◯ ◇ ¬p, 1: ◯ □ p, ¬p} (Backlink) [26] <pre=
                    {(1, 0)}>
            21:
            {0: □ ¬p, 1: □ p, ◯ ◇ □ ¬p, ◯ ◇ □ p, 2: ◯ □ ◇ ¬p} (Always) [
            29 <{(2, 2), (1, 1)}/{}>, 30 <{(2, 2), (1, 1)}/{(0, 0)}>]
              29:
              {1: □ p, ◯ ◇ □ ¬p, ◯ ◇ □ p, 2: ◯ □ ◇ ¬p, ¬p} (Always) [
              31 <{(2, 2)}/{}>, 32 <{(2, 2)}/{(1, 0)}>]
                31: {◯ ◇ □ ¬p, ◯ ◇ □ p, 2: ◯ □ ◇ ¬p, ¬p, p} (Axiom)
                32:
                {◯ ◇ □ ¬p, ◯ ◇ □ p, 2: ◯ □ ◇ ¬p, 0: ◯ □ p, ¬p} (Next) [
                89 <{}/{(2, 1), (0, 0)}>]
                  89:
                  {◇ □ ¬p, ◇ □ p, 1: □ ◇ ¬p, 0: □ p} (Eventually) [90 <
                                                                   {(1, 1),
                                                                   (0, 0)}/
                                                                   {}>]
                    90:
                    {◇ □ p, 1: □ ◇ ¬p, 2: □ ¬p, 0: □ p, ◯ ◇ □ ¬p} (Eventually) [
                    91 <{(2, 2), (1, 1), (0, 0)}/{}>]
                      91:
                      {1: □ ◇ ¬p, 2: □ ¬p, 0: □ p, ◯ ◇ □ ¬p, ◯ ◇ □ p} (Always) [
                      92 <{(2, 2), (0, 0)}/{}>,
                      93 <{(2, 2), (0, 0)}/{(1, 1)}>]
                        92:
                        {◇ ¬p, 2: □ ¬p, 0: □ p, ◯ ◇ □ ¬p, ◯ ◇ □ p} (Eventually) [
                        94 <{(2, 2), (0, 0)}/{}>]
                          94:
                          {2: □ ¬p, 0: □ p, ◯ ◇ □ ¬p, ◯ ◇ □ p, ◯ ◇ ¬p, ¬p} (Always) [
                          95 <{(0, 0)}/{}>, 96 <{(0, 0)}/{(2, 1)}>]
                            95:
                            {0: □ p, ◯ ◇ □ ¬p, ◯ ◇ □ p, ◯ ◇ ¬p, ¬p} (Always) [
                            97 <{}/{}>, 98 <{}/{(0, 0)}>]
                              97: {◯ ◇ □ ¬p, ◯ ◇ □ p, ◯ ◇ ¬p, ¬p, p} (Axiom)
                              98:
                              {◯ ◇ □ ¬p, ◯ ◇ □ p, ◯ ◇ ¬p, 0: ◯ □ p, ¬p} (Backlink) [26] <pre=
                              {(0, 0)}>
                            96:
                            {0: □ p, ◯ ◇ □ ¬p, ◯ ◇ □ p, ◯ ◇ ¬p, 1: ◯ □ ¬p,
                            ¬p} (Always) [99 <{(1, 1)}/{}>,
                            100 <{(1, 1)}/{(0, 0)}>]
                              99:
                              {◯ ◇ □ ¬p, ◯ ◇ □ p, ◯ ◇ ¬p, 1: ◯ □ ¬p, ¬p, p} (Axiom)
                              100:
                              {◯ ◇ □ ¬p, ◯ ◇ □ p, ◯ ◇ ¬p, 1: ◯ □ ¬p,
                              0: ◯ □ p, ¬p} (Backlink) [28] <pre={(1, 0),
                                                                 (0, 1)}>
                        93:
                        {2: □ ¬p, 0: □ p, ◯ ◇ □ ¬p, ◯ ◇ □ p, 1: ◯ □ ◇ ¬p} (Always) [
                        101 <{(1, 1), (0, 0)}/{}>,
                        102 <{(1, 1), (0, 0)}/{(2, 2)}>]
                          101:
                          {0: □ p, ◯ ◇ □ ¬p, ◯ ◇ □ p, 1: ◯ □ ◇ ¬p, ¬p} (Always) [
                          103 <{(1, 1)}/{}>, 104 <{(1, 1)}/{(0, 0)}>]
                            103:
                            {◯ ◇ □ ¬p, ◯ ◇ □ p, 1: ◯ □ ◇ ¬p, ¬p, p} (Axiom)
                            104:
                            {◯ ◇ □ ¬p, ◯ ◇ □ p, 1: ◯ □ ◇ ¬p, 0: ◯ □ p, ¬p} (Backlink) [32] <pre=
                            {(1, 2), (0, 0)}>
                          102:
                          {0: □ p, ◯ ◇ □ ¬p, ◯ ◇ □ p, 1: ◯ □ ◇ ¬p, 2: ◯ □ ¬p} (Always) [
                          105 <{(2, 2), (1, 1)}/{}>,
                          106 <{(2, 2), (1, 1)}/{(0, 0)}>]
                            105:
                            {◯ ◇ □ ¬p, ◯ ◇ □ p, 1: ◯ □ ◇ ¬p, 2: ◯ □ ¬p, p} (Backlink) [33] <pre=
                            {(2, 0), (1, 2)}>
                            106:
                            {◯ ◇ □ ¬p, ◯ ◇ □ p, 1: ◯ □ ◇ ¬p, 2: ◯ □ ¬p,
                            0: ◯ □ p} (Backlink) [34] <pre={(2, 0), (1, 2),
                                                           (0, 1)}>
              30:
              {1: □ p, ◯ ◇ □ ¬p, ◯ ◇ □ p, 2: ◯ □ ◇ ¬p, 0: ◯ □ ¬p} (Always) [
              33 <{(2, 2), (0, 0)}/{}>, 34 <{(2, 2), (0, 0)}/{(1, 1)}>]
                33:
                {◯ ◇ □ ¬p, ◯ ◇ □ p, 2: ◯ □ ◇ ¬p, 0: ◯ □ ¬p, p} (Next) [
                107 <{}/{(2, 1), (0, 0)}>]
                  107:
                  {◇ □ ¬p, ◇ □ p, 1: □ ◇ ¬p, 0: □ ¬p} (Eventually) [108 <
                                                                    {
                                                                    (1, 1),
                                                                    (0, 0)}/
                                                                    {}>]
                    108:
                    {◇ □ p, 1: □ ◇ ¬p, 0: □ ¬p, ◯ ◇ □ ¬p} (Eventually) [
                    109 <{(1, 1), (0, 0)}/{}>]
                      109:
                      {1: □ ◇ ¬p, 0: □ ¬p, 2: □ p, ◯ ◇ □ ¬p, ◯ ◇ □ p} (Always) [
                      110 <{(2, 2), (0, 0)}/{}>,
                      111 <{(2, 2), (0, 0)}/{(1, 1)}>]
                        110:
                        {◇ ¬p, 0: □ ¬p, 2: □ p, ◯ ◇ □ ¬p, ◯ ◇ □ p} (Eventually) [
                        112 <{(2, 2), (0, 0)}/{}>]
                          112:
                          {0: □ ¬p, 2: □ p, ◯ ◇ □ ¬p, ◯ ◇ □ p, ◯ ◇ ¬p, ¬p} (Always) [
                          113 <{(2, 2)}/{}>, 114 <{(2, 2)}/{(0, 0)}>]
                            113:
                            {2: □ p, ◯ ◇ □ ¬p, ◯ ◇ □ p, ◯ ◇ ¬p, ¬p} (Always) [
                            115 <{}/{}>, 116 <{}/{(2, 0)}>]
                              115: {◯ ◇ □ ¬p, ◯ ◇ □ p, ◯ ◇ ¬p, ¬p, p} (Axiom)
                              116:
                              {◯ ◇ □ ¬p, ◯ ◇ □ p, ◯ ◇ ¬p, 0: ◯ □ p, ¬p} (Backlink) [26] <pre=
                              {(0, 0)}>
                            114:
                            {2: □ p, ◯ ◇ □ ¬p, ◯ ◇ □ p, ◯ ◇ ¬p, 0: ◯ □ ¬p,
                            ¬p} (Always) [117 <{(0, 0)}/{}>,
                            118 <{(0, 0)}/{(2, 1)}>]
                              117:
                              {◯ ◇ □ ¬p, ◯ ◇ □ p, ◯ ◇ ¬p, 0: ◯ □ ¬p, ¬p, p} (Axiom)
                              118:
                              {◯ ◇ □ ¬p, ◯ ◇ □ p, ◯ ◇ ¬p, 0: ◯ □ ¬p,
                              1: ◯ □ p, ¬p} (Backlink) [28] <pre={(1, 1),
                                                                 (0, 0)}>
                        111:
                        {0: □ ¬p, 2: □ p, ◯ ◇ □ ¬p, ◯ ◇ □ p, 1: ◯ □ ◇ ¬p} (Always) [
                        119 <{(2, 2), (1, 1)}/{}>,
                        120 <{(2, 2), (1, 1)}/{(0, 0)}>]
                          119:
                          {2: □ p, ◯ ◇ □ ¬p, ◯ ◇ □ p, 1: ◯ □ ◇ ¬p, ¬p} (Always) [
                          121 <{(1, 1)}/{}>, 122 <{(1, 1)}/{(2, 0)}>]
                            121:
                            {◯ ◇ □ ¬p, ◯ ◇ □ p, 1: ◯ □ ◇ ¬p, ¬p, p} (Axiom)
                            122:
                            {◯ ◇ □ ¬p, ◯ ◇ □ p, 1: ◯ □ ◇ ¬p, 0: ◯ □ p, ¬p} (Backlink) [32] <pre=
                            {(1, 2), (0, 0)}>
                          120:
                          {2: □ p, ◯ ◇ □ ¬p, ◯ ◇ □ p, 1: ◯ □ ◇ ¬p, 0: ◯ □ ¬p} (Always) [
                          123 <{(1, 1), (0, 0)}/{}>,
                          124 <{(1, 1), (0, 0)}/{(2, 2)}>]
                            123:
                            {◯ ◇ □ ¬p, ◯ ◇ □ p, 1: ◯ □ ◇ ¬p, 0: ◯ □ ¬p, p} (Backlink) [33] <pre=
                            {(1, 2), (0, 0)}>
                            124:
                            {◯ ◇ □ ¬p, ◯ ◇ □ p, 1: ◯ □ ◇ ¬p, 0: ◯ □ ¬p,
                            2: ◯ □ p} (Backlink) [34] <pre={(2, 1), (1, 2),
                                                           (0, 0)}>
                34:
                {◯ ◇ □ ¬p, ◯ ◇ □ p, 2: ◯ □ ◇ ¬p, 0: ◯ □ ¬p, 1: ◯ □ p} (Next) [
                125 <{}/{(2, 2), (1, 0), (0, 1)}>]
                  125:
                  {◇ □ ¬p, ◇ □ p, 2: □ ◇ ¬p, 1: □ ¬p, 0: □ p} (Weaken) [
                  126 <{(2, 2), (0, 0)}/{}>]
                    126:
                    {◇ □ ¬p, ◇ □ p, 2: □ ◇ ¬p, 0: □ p} (Backlink) [89] <pre=
                    {(2, 1), (0, 0)}>

=== ltl-06.1
$ cyclist ltl prove -S '(◇ □ p ∨ □ ◇ ¬p)' -p -t 60
exit: 0
0: {(◇ □ p ∨ □ ◇ ¬p)} (Disj) [1 <{}/{}>]
  1: {◇ □ p, 1: □ ◇ ¬p} (Eventually) [2 <{(1, 1)}/{}>]
    2:
    {1: □ ◇ ¬p, 0: □ p, ◯ ◇ □ p} (Always) [3 <{(0, 0)}/{}>,
    4 <{(0, 0)}/{(1, 1)}>]
      3: {◇ ¬p, 0: □ p, ◯ ◇ □ p} (Eventually) [5 <{(0, 0)}/{}>]
        5:
        {0: □ p, ◯ ◇ □ p, ◯ ◇ ¬p, ¬p} (Always) [6 <{}/{}>, 7 <{}/{(0, 0)}>]
          6: {◯ ◇ □ p, ◯ ◇ ¬p, ¬p, p} (Axiom)
          7: {◯ ◇ □ p, ◯ ◇ ¬p, 0: ◯ □ p, ¬p} (Next) [10 <{}/{(0, 0)}>]
            10: {◇ □ p, ◇ ¬p, 0: □ p} (Eventually) [11 <{(0, 0)}/{}>]
              11: {◇ ¬p, 0: □ p, ◯ ◇ □ p} (Eventually) [12 <{(0, 0)}/{}>]
                12:
                {0: □ p, ◯ ◇ □ p, ◯ ◇ ¬p, ¬p} (Always) [13 <{}/{}>,
                14 <{}/{(0, 0)}>]
                  13: {◯ ◇ □ p, ◯ ◇ ¬p, ¬p, p} (Axiom)
                  14:
                  {◯ ◇ □ p, ◯ ◇ ¬p, 0: ◯ □ p, ¬p} (Backlink) [7] <pre=
                  {(0, 0)}>
      4:
      {0: □ p, ◯ ◇ □ p, 1: ◯ □ ◇ ¬p} (Always) [8 <{(1, 1)}/{}>,
      9 <{(1, 1)}/{(0, 0)}>]
        8: {◯ ◇ □ p, 1: ◯ □ ◇ ¬p, p} (Next) [15 <{}/{(1, 0)}>]
          15: {◇ □ p, 0: □ ◇ ¬p} (Backlink) [1] <pre={(0, 1)}>
        9: {◯ ◇ □ p, 1: ◯ □ ◇ ¬p, 0: ◯ □ p} (Next) [16 <{}/{(1, 1), (0, 0)}>]
          16: {◇ □ p, 1: □ ◇ ¬p, 0: □ p} (Weaken) [17 <{(1, 1)}/{}>]
            17: {◇ □ p, 1: □ ◇ ¬p} (Backlink) [1] <pre={(1, 1)}>

=== ltl-07.1
$ cyclist ltl prove -S '(◇ □ p ∨ (◇ □ ¬p ∨ □ ◇ p))' -p -t 60
exit: 0
0: {(◇ □ p ∨ (◇ □ ¬p ∨ □ ◇ p))} (Disj) [1 <{}/{}>]
  1: {◇ □ p, (◇ □ ¬p ∨ □ ◇ p)} (Disj) [2 <{}/{}>]
    2: {◇ □ ¬p, ◇ □ p, 1: □ ◇ p} (Eventually) [3 <{(1, 1)}/{}>]
      3:
      {◇ □ p, 1: □ ◇ p, 0: □ ¬p, ◯ ◇ □ ¬p} (Eventually) [4 <{(1, 1), (0, 0)}/
                                                         {}>]
        4:
        {1: □ ◇ p, 0: □ ¬p, 2: □ p, ◯ ◇ □ ¬p, ◯ ◇ □ p} (Always) [5 <{
                                                                    (2, 2),
                                                                    (0, 0)}/
                                                                 {}>,
        6 <{(2, 2), (0, 0)}/{(1, 1)}>]
          5:
          {◇ p, 0: □ ¬p, 2: □ p, ◯ ◇ □ ¬p, ◯ ◇ □ p} (Eventually) [7 <
                                                                  {(2, 2),
                                                                  (0, 0)}/
                                                                  {}>]
            7:
            {0: □ ¬p, 2: □ p, ◯ ◇ □ ¬p, ◯ ◇ □ p, ◯ ◇ p, p} (Always) [
            8 <{(2, 2)}/{}>, 9 <{(2, 2)}/{(0, 0)}>]
              8: {2: □ p, ◯ ◇ □ ¬p, ◯ ◇ □ p, ◯ ◇ p, ¬p, p} (Axiom)
              9:
              {2: □ p, ◯ ◇ □ ¬p, ◯ ◇ □ p, ◯ ◇ p, 0: ◯ □ ¬p, p} (Always) [
              10 <{(0, 0)}/{}>, 11 <{(0, 0)}/{(2, 1)}>]
                10:
                {◯ ◇ □ ¬p, ◯ ◇ □ p, ◯ ◇ p, 0: ◯ □ ¬p, p} (Next) [18 <
                                                                 {}/{(0, 0)}>]
                  18:
                  {◇ □ ¬p, ◇ □ p, ◇ p, 0: □ ¬p} (Eventually) [19 <{(0, 0)}/
                                                              {}>]
                    19:
                    {◇ □ p, ◇ p, 0: □ ¬p, ◯ ◇ □ ¬p} (Eventually) [20 <
                                                                  {(0, 0)}/
                                                                  {}>]
                      20:
                      {◇ p, 0: □ ¬p, 1: □ p, ◯ ◇ □ ¬p, ◯ ◇ □ p} (Eventually) [
                      21 <{(1, 1), (0, 0)}/{}>]
                        21:
                        {0: □ ¬p, 1: □ p, ◯ ◇ □ ¬p, ◯ ◇ □ p, ◯ ◇ p, p} (Always) [
                        22 <{(1, 1)}/{}>, 23 <{(1, 1)}/{(0, 0)}>]
                          22:
                          {1: □ p, ◯ ◇ □ ¬p, ◯ ◇ □ p, ◯ ◇ p, ¬p, p} (Axiom)
                          23:
                          {1: □ p, ◯ ◇ □ ¬p, ◯ ◇ □ p, ◯ ◇ p, 0: ◯ □ ¬p, p} (Always) [
                          24 <{(0, 0)}/{}>, 25 <{(0, 0)}/{(1, 1)}>]
                            24:
                            {◯ ◇ □ ¬p, ◯ ◇ □ p, ◯ ◇ p, 0: ◯ □ ¬p, p} (Backlink) [10] <pre=
                            {(0, 0)}>
                            25:
                            {◯ ◇ □ ¬p, ◯ ◇ □ p, ◯ ◇ p, 0: ◯ □ ¬p, 1: ◯ □ p,
                            p} (Backlink) [11] <pre={(1, 1), (0, 0)}>
                11:
                {◯ ◇ □ ¬p, ◯ ◇ □ p, ◯ ◇ p, 0: ◯ □ ¬p, 1: ◯ □ p, p} (Weaken) [
                26 <{(0, 0)}/{}>]
                  26:
                  {◯ ◇ □ ¬p, ◯ ◇ □ p, ◯ ◇ p, 0: ◯ □ ¬p, p} (Backlink) [10] <pre=
                  {(0, 0)}>
          6:
          {0: □ ¬p, 2: □ p, ◯ ◇ □ ¬p, ◯ ◇ □ p, 1: ◯ □ ◇ p} (Always) [
          12 <{(2, 2), (1, 1)}/{}>, 13 <{(2, 2), (1, 1)}/{(0, 0)}>]
            12:
            {2: □ p, ◯ ◇ □ ¬p, ◯ ◇ □ p, 1: ◯ □ ◇ p, ¬p} (Always) [14 <
                                                                  {(1, 1)}/
                                                                  {}>,
            15 <{(1, 1)}/{(2, 0)}>]
              14: {◯ ◇ □ ¬p, ◯ ◇ □ p, 1: ◯ □ ◇ p, ¬p, p} (Axiom)
              15:
              {◯ ◇ □ ¬p, ◯ ◇ □ p, 1: ◯ □ ◇ p, 0: ◯ □ p, ¬p} (Next) [27 <
                                                                    {}/
                                                                    {
                                                                    (1, 1),
                                                                    (0, 0)}>]
                27:
                {◇ □ ¬p, ◇ □ p, 1: □ ◇ p, 0: □ p} (Weaken) [28 <{(1, 1)}/{}>]
                  28: {◇ □ ¬p, ◇ □ p, 1: □ ◇ p} (Backlink) [2] <pre={(1, 1)}>
            13:
            {2: □ p, ◯ ◇ □ ¬p, ◯ ◇ □ p, 1: ◯ □ ◇ p, 0: ◯ □ ¬p} (Always) [
            16 <{(1, 1), (0, 0)}/{}>, 17 <{(1, 1), (0, 0)}/{(2, 2)}>]
              16:
              {◯ ◇ □ ¬p, ◯ ◇ □ p, 1: ◯ □ ◇ p, 0: ◯ □ ¬p, p} (Next) [29 <
                                                                    {}/
                                                                    {
                                                                    (1, 1),
                                                                    (0, 0)}>]
                29:
                {◇ □ ¬p, ◇ □ p, 1: □ ◇ p, 0: □ ¬p} (Weaken) [30 <{(1, 1)}/{}>]
                  30: {◇ □ ¬p, ◇ □ p, 1: □ ◇ p} (Backlink) [2] <pre={(1, 1)}>
              17:
              {◯ ◇ □ ¬p, ◯ ◇ □ p, 1: ◯ □ ◇ p, 0: ◯ □ ¬p, 2: ◯ □ p} (Next) [
              31 <{}/{(2, 0), (1, 2), (0, 1)}>]
                31:
                {◇ □ ¬p, ◇ □ p, 2: □ ◇ p, 1: □ ¬p, 0: □ p} (Weaken) [
                32 <{(2, 2)}/{}>]
                  32: {◇ □ ¬p, ◇ □ p, 2: □ ◇ p} (Backlink) [2] <pre={(2, 1)}>

=== ltl-08.1
$ cyclist ltl prove -S '(◇ p ∨ □ ¬p)' -p -t 60
exit: 0
0: {(◇ p ∨ □ ¬p)} (Disj) [1 <{}/{}>]
  1: {◇ p, 1: □ ¬p} (Eventually) [2 <{(1, 1)}/{}>]
    2: {1: □ ¬p, ◯ ◇ p, p} (Always) [3 <{}/{}>, 4 <{}/{(1, 0)}>]
      3: {◯ ◇ p, ¬p, p} (Axiom)
      4: {◯ ◇ p, 0: ◯ □ ¬p, p} (Next) [5 <{}/{(0, 0)}>]
        5: {◇ p, 0: □ ¬p} (Backlink) [1] <pre={(0, 1)}>

=== ltl-09.1
$ cyclist ltl prove -S '(◇ □ p ∨ (◇ □ ¬p ∨ □ (◇ p ∧ □ ◇ ¬p)))' -p -t 60
exit: 0
0: {(◇ □ p ∨ (◇ □ ¬p ∨ □ (◇ p ∧ □ ◇ ¬p)))} (Disj) [1 <{}/{}>]
  1: {◇ □ p, (◇ □ ¬p ∨ □ (◇ p ∧ □ ◇ ¬p))} (Disj) [2 <{}/{}>]
    2: {◇ □ ¬p, ◇ □ p, 1: □ (◇ p ∧ □ ◇ ¬p)} (Eventually) [3 <{(1, 1)}/{}>]
      3:
      {◇ □ p, 1: □ (◇ p ∧ □ ◇ ¬p), 0: □ ¬p, ◯ ◇ □ ¬p} (Eventually) [4 <
                                                                    {
                                                                    (1, 1),
                                                                    (0, 0)}/
                                                                    {}>]
        4:
        {1: □ (◇ p ∧ □ ◇ ¬p), 0: □ ¬p, 2: □ p, ◯ ◇ □ ¬p, ◯ ◇ □ p} (Always) [
        5 <{(2, 2), (0, 0)}/{}>, 6 <{(2, 2), (0, 0)}/{(1, 1)}>]
          5:
          {0: □ ¬p, 2: □ p, ◯ ◇ □ ¬p, ◯ ◇ □ p, (◇ p ∧ □ ◇ ¬p)} (Conj) [
          7 <{(2, 2), (0, 0)}/{}>, 8 <{(2, 2), (0, 0)}/{}>]
            7:
            {◇ p, 0: □ ¬p, 2: □ p, ◯ ◇ □ ¬p, ◯ ◇ □ p} (Eventually) [9 <
                                                                    {
                                                                    (2, 2),
                                                                    (0, 0)}/
                                                                    {}>]
              9:
              {0: □ ¬p, 2: □ p, ◯ ◇ □ ¬p, ◯ ◇ □ p, ◯ ◇ p, p} (Always) [
              10 <{(2, 2)}/{}>, 11 <{(2, 2)}/{(0, 0)}>]
                10: {2: □ p, ◯ ◇ □ ¬p, ◯ ◇ □ p, ◯ ◇ p, ¬p, p} (Axiom)
                11:
                {2: □ p, ◯ ◇ □ ¬p, ◯ ◇ □ p, ◯ ◇ p, 0: ◯ □ ¬p, p} (Always) [
                12 <{(0, 0)}/{}>, 13 <{(0, 0)}/{(2, 1)}>]
                  12:
                  {◯ ◇ □ ¬p, ◯ ◇ □ p, ◯ ◇ p, 0: ◯ □ ¬p, p} (Next) [35 <
                                                                   {}/
                                                                   {(0, 0)}>]
                    35:
                    {◇ □ ¬p, ◇ □ p, ◇ p, 0: □ ¬p} (Eventually) [36 <{(0, 0)}/
                                                                {}>]
                      36:
                      {◇ □ p, ◇ p, 0: □ ¬p, ◯ ◇ □ ¬p} (Eventually) [37 <
                                                                    {
                                                                    (0, 0)}/
                                                                    {}>]
                        37:
                        {◇ p, 0: □ ¬p, 1: □ p, ◯ ◇ □ ¬p, ◯ ◇ □ p} (Eventually) [
                        38 <{(1, 1), (0, 0)}/{}>]
                          38:
                          {0: □ ¬p, 1: □ p, ◯ ◇ □ ¬p, ◯ ◇ □ p, ◯ ◇ p, p} (Always) [
                          39 <{(1, 1)}/{}>, 40 <{(1, 1)}/{(0, 0)}>]
                            39:
                            {1: □ p, ◯ ◇ □ ¬p, ◯ ◇ □ p, ◯ ◇ p, ¬p, p} (Axiom)
                            40:
                            {1: □ p, ◯ ◇ □ ¬p, ◯ ◇ □ p, ◯ ◇ p, 0: ◯ □ ¬p, p} (Always) [
                            41 <{(0, 0)}/{}>, 42 <{(0, 0)}/{(1, 1)}>]
                              41:
                              {◯ ◇ □ ¬p, ◯ ◇ □ p, ◯ ◇ p, 0: ◯ □ ¬p, p} (Backlink) [12] <pre=
                              {(0, 0)}>
                              42:
                              {◯ ◇ □ ¬p, ◯ ◇ □ p, ◯ ◇ p, 0: ◯ □ ¬p, 1: ◯ □ p,
                              p} (Backlink) [13] <pre={(1, 1), (0, 0)}>
                  13:
                  {◯ ◇ □ ¬p, ◯ ◇ □ p, ◯ ◇ p, 0: ◯ □ ¬p, 1: ◯ □ p, p} (Weaken) [
                  43 <{(0, 0)}/{}>]
                    43:
                    {◯ ◇ □ ¬p, ◯ ◇ □ p, ◯ ◇ p, 0: ◯ □ ¬p, p} (Backlink) [12] <pre=
                    {(0, 0)}>
            8:
            {1: □ ◇ ¬p, 0: □ ¬p, 2: □ p, ◯ ◇ □ ¬p, ◯ ◇ □ p} (Always) [
            14 <{(2, 2), (0, 0)}/{}>, 15 <{(2, 2), (0, 0)}/{(1, 1)}>]
              14:
              {◇ ¬p, 0: □ ¬p, 2: □ p, ◯ ◇ □ ¬p, ◯ ◇ □ p} (Eventually) [
              16 <{(2, 2), (0, 0)}/{}>]
                16:
                {0: □ ¬p, 2: □ p, ◯ ◇ □ ¬p, ◯ ◇ □ p, ◯ ◇ ¬p, ¬p} (Always) [
                17 <{(2, 2)}/{}>, 18 <{(2, 2)}/{(0, 0)}>]
                  17:
                  {2: □ p, ◯ ◇ □ ¬p, ◯ ◇ □ p, ◯ ◇ ¬p, ¬p} (Always) [19 <
                                                                    {}/
                                                                    {}>,
                  20 <{}/{(2, 0)}>]
                    19: {◯ ◇ □ ¬p, ◯ ◇ □ p, ◯ ◇ ¬p, ¬p, p} (Axiom)
                    20:
                    {◯ ◇ □ ¬p, ◯ ◇ □ p, ◯ ◇ ¬p, 0: ◯ □ p, ¬p} (Next) [
                    44 <{}/{(0, 0)}>]
                      44:
                      {◇ □ ¬p, ◇ □ p, ◇ ¬p, 0: □ p} (Eventually) [45 <
                                                                  {(0, 0)}/
                                                                  {}>]
                        45:
                        {◇ □ p, ◇ ¬p, 1: □ ¬p, 0: □ p, ◯ ◇ □ ¬p} (Eventually) [
                        46 <{(1, 1), (0, 0)}/{}>]
                          46:
                          {◇ ¬p, 1: □ ¬p, 0: □ p, ◯ ◇ □ ¬p, ◯ ◇ □ p} (Eventually) [
                          47 <{(1, 1), (0, 0)}/{}>]
                            47:
                            {1: □ ¬p, 0: □ p, ◯ ◇ □ ¬p, ◯ ◇ □ p, ◯ ◇ ¬p, ¬p} (Always) [
                            48 <{(0, 0)}/{}>, 49 <{(0, 0)}/{(1, 1)}>]
                              48:
                              {0: □ p, ◯ ◇ □ ¬p, ◯ ◇ □ p, ◯ ◇ ¬p, ¬p} (Always) [
                              50 <{}/{}>, 51 <{}/{(0, 0)}>]
                                50:
                                {◯ ◇ □ ¬p, ◯ ◇ □ p, ◯ ◇ ¬p, ¬p, p} (Axiom)
                                51:
                                {◯ ◇ □ ¬p, ◯ ◇ □ p, ◯ ◇ ¬p, 0: ◯ □ p, ¬p} (Backlink) [20] <pre=
                                {(0, 0)}>
                              49:
                              {0: □ p, ◯ ◇ □ ¬p, ◯ ◇ □ p, ◯ ◇ ¬p, 1: ◯ □ ¬p,
                              ¬p} (Always) [52 <{(1, 1)}/{}>,
                              53 <{(1, 1)}/{(0, 0)}>]
                                52:
                                {◯ ◇ □ ¬p, ◯ ◇ □ p, ◯ ◇ ¬p, 1: ◯ □ ¬p, ¬p, p} (Axiom)
                                53:
                                {◯ ◇ □ ¬p, ◯ ◇ □ p, ◯ ◇ ¬p, 1: ◯ □ ¬p,
                                0: ◯ □ p, ¬p} (Backlink) [22] <pre={(1, 0),
                                                                   (0, 1)}>
                  18:
                  {2: □ p, ◯ ◇ □ ¬p, ◯ ◇ □ p, ◯ ◇ ¬p, 0: ◯ □ ¬p, ¬p} (Always) [
                  21 <{(0, 0)}/{}>, 22 <{(0, 0)}/{(2, 1)}>]
                    21: {◯ ◇ □ ¬p, ◯ ◇ □ p, ◯ ◇ ¬p, 0: ◯ □ ¬p, ¬p, p} (Axiom)
                    22:
                    {◯ ◇ □ ¬p, ◯ ◇ □ p, ◯ ◇ ¬p, 0: ◯ □ ¬p, 1: ◯ □ p, ¬p} (Weaken) [
                    54 <{(1, 1)}/{}>]
                      54:
                      {◯ ◇ □ ¬p, ◯ ◇ □ p, ◯ ◇ ¬p, 1: ◯ □ p, ¬p} (Backlink) [20] <pre=
                      {(1, 0)}>
              15:
              {0: □ ¬p, 2: □ p, ◯ ◇ □ ¬p, ◯ ◇ □ p, 1: ◯ □ ◇ ¬p} (Always) [
              23 <{(2, 2), (1, 1)}/{}>, 24 <{(2, 2), (1, 1)}/{(0, 0)}>]
                23:
                {2: □ p, ◯ ◇ □ ¬p, ◯ ◇ □ p, 1: ◯ □ ◇ ¬p, ¬p} (Always) [
                25 <{(1, 1)}/{}>, 26 <{(1, 1)}/{(2, 0)}>]
                  25: {◯ ◇ □ ¬p, ◯ ◇ □ p, 1: ◯ □ ◇ ¬p, ¬p, p} (Axiom)
                  26:
                  {◯ ◇ □ ¬p, ◯ ◇ □ p, 1: ◯ □ ◇ ¬p, 0: ◯ □ p, ¬p} (Next) [
                  55 <{}/{(1, 1), (0, 0)}>]
                    55:
                    {◇ □ ¬p, ◇ □ p, 1: □ ◇ ¬p, 0: □ p} (Eventually) [
                    56 <{(1, 1), (0, 0)}/{}>]
                      56:
                      {◇ □ p, 1: □ ◇ ¬p, 2: □ ¬p, 0: □ p, ◯ ◇ □ ¬p} (Eventually) [
                      57 <{(2, 2), (1, 1), (0, 0)}/{}>]
                        57:
                        {1: □ ◇ ¬p, 2: □ ¬p, 0: □ p, ◯ ◇ □ ¬p, ◯ ◇ □ p} (Always) [
                        58 <{(2, 2), (0, 0)}/{}>,
                        59 <{(2, 2), (0, 0)}/{(1, 1)}>]
                          58:
                          {◇ ¬p, 2: □ ¬p, 0: □ p, ◯ ◇ □ ¬p, ◯ ◇ □ p} (Eventually) [
                          60 <{(2, 2), (0, 0)}/{}>]
                            60:
                            {2: □ ¬p, 0: □ p, ◯ ◇ □ ¬p, ◯ ◇ □ p, ◯ ◇ ¬p, ¬p} (Always) [
                            61 <{(0, 0)}/{}>, 62 <{(0, 0)}/{(2, 1)}>]
                              61:
                              {0: □ p, ◯ ◇ □ ¬p, ◯ ◇ □ p, ◯ ◇ ¬p, ¬p} (Always) [
                              63 <{}/{}>, 64 <{}/{(0, 0)}>]
                                63:
                                {◯ ◇ □ ¬p, ◯ ◇ □ p, ◯ ◇ ¬p, ¬p, p} (Axiom)
                                64:
                                {◯ ◇ □ ¬p, ◯ ◇ □ p, ◯ ◇ ¬p, 0: ◯ □ p, ¬p} (Backlink) [20] <pre=
                                {(0, 0)}>
                              62:
                              {0: □ p, ◯ ◇ □ ¬p, ◯ ◇ □ p, ◯ ◇ ¬p, 1: ◯ □ ¬p,
                              ¬p} (Always) [65 <{(1, 1)}/{}>,
                              66 <{(1, 1)}/{(0, 0)}>]
                                65:
                                {◯ ◇ □ ¬p, ◯ ◇ □ p, ◯ ◇ ¬p, 1: ◯ □ ¬p, ¬p, p} (Axiom)
                                66:
                                {◯ ◇ □ ¬p, ◯ ◇ □ p, ◯ ◇ ¬p, 1: ◯ □ ¬p,
                                0: ◯ □ p, ¬p} (Backlink) [22] <pre={(1, 0),
                                                                   (0, 1)}>
                          59:
                          {2: □ ¬p, 0: □ p, ◯ ◇ □ ¬p, ◯ ◇ □ p, 1: ◯ □ ◇ ¬p} (Always) [
                          67 <{(1, 1), (0, 0)}/{}>,
                          68 <{(1, 1), (0, 0)}/{(2, 2)}>]
                            67:
                            {0: □ p, ◯ ◇ □ ¬p, ◯ ◇ □ p, 1: ◯ □ ◇ ¬p, ¬p} (Always) [
                            69 <{(1, 1)}/{}>, 70 <{(1, 1)}/{(0, 0)}>]
                              69:
                              {◯ ◇ □ ¬p, ◯ ◇ □ p, 1: ◯ □ ◇ ¬p, ¬p, p} (Axiom)
                              70:
                              {◯ ◇ □ ¬p, ◯ ◇ □ p, 1: ◯ □ ◇ ¬p, 0: ◯ □ p, ¬p} (Backlink) [26] <pre=
                              {(1, 1), (0, 0)}>
                            68:
                            {0: □ p, ◯ ◇ □ ¬p, ◯ ◇ □ p, 1: ◯ □ ◇ ¬p,
                            2: ◯ □ ¬p} (Always) [71 <{(2, 2), (1, 1)}/{}>,
                            72 <{(2, 2), (1, 1)}/{(0, 0)}>]
                              71:
                              {◯ ◇ □ ¬p, ◯ ◇ □ p, 1: ◯ □ ◇ ¬p, 2: ◯ □ ¬p, p} (Backlink) [27] <pre=
                              {(2, 0), (1, 1)}>
                              72:
                              {◯ ◇ □ ¬p, ◯ ◇ □ p, 1: ◯ □ ◇ ¬p, 2: ◯ □ ¬p,
                              0: ◯ □ p} (Backlink) [28] <pre={(2, 0),
                                                             (1, 1),
                                                             (0, 2)}>
                24:
                {2: □ p, ◯ ◇ □ ¬p, ◯ ◇ □ p, 1: ◯ □ ◇ ¬p, 0: ◯ □ ¬p} (Always) [
                27 <{(1, 1), (0, 0)}/{}>, 28 <{(1, 1), (0, 0)}/{(2, 2)}>]
                  27:
                  {◯ ◇ □ ¬p, ◯ ◇ □ p, 1: ◯ □ ◇ ¬p, 0: ◯ □ ¬p, p} (Next) [
                  73 <{}/{(1, 1), (0, 0)}>]
                    73:
                    {◇ □ ¬p, ◇ □ p, 1: □ ◇ ¬p, 0: □ ¬p} (Eventually) [
                    74 <{(1, 1), (0, 0)}/{}>]
                      74:
                      {◇ □ p, 1: □ ◇ ¬p, 0: □ ¬p, ◯ ◇ □ ¬p} (Eventually) [
                      75 <{(1, 1), (0, 0)}/{}>]
                        75:
                        {1: □ ◇ ¬p, 0: □ ¬p, 2: □ p, ◯ ◇ □ ¬p, ◯ ◇ □ p} (Always) [
                        76 <{(2, 2), (0, 0)}/{}>,
                        77 <{(2, 2), (0, 0)}/{(1, 1)}>]
                          76:
                          {◇ ¬p, 0: □ ¬p, 2: □ p, ◯ ◇ □ ¬p, ◯ ◇ □ p} (Eventually) [
                          78 <{(2, 2), (0, 0)}/{}>]
                            78:
                            {0: □ ¬p, 2: □ p, ◯ ◇ □ ¬p, ◯ ◇ □ p, ◯ ◇ ¬p, ¬p} (Always) [
                            79 <{(2, 2)}/{}>, 80 <{(2, 2)}/{(0, 0)}>]
                              79:
                              {2: □ p, ◯ ◇ □ ¬p, ◯ ◇ □ p, ◯ ◇ ¬p, ¬p} (Always) [
                              81 <{}/{}>, 82 <{}/{(2, 0)}>]
                                81:
                                {◯ ◇ □ ¬p, ◯ ◇ □ p, ◯ ◇ ¬p, ¬p, p} (Axiom)
                                82:
                                {◯ ◇ □ ¬p, ◯ ◇ □ p, ◯ ◇ ¬p, 0: ◯ □ p, ¬p} (Backlink) [20] <pre=
                                {(0, 0)}>
                              80:
                              {2: □ p, ◯ ◇ □ ¬p, ◯ ◇ □ p, ◯ ◇ ¬p, 0: ◯ □ ¬p,
                              ¬p} (Always) [83 <{(0, 0)}/{}>,
                              84 <{(0, 0)}/{(2, 1)}>]
                                83:
                                {◯ ◇ □ ¬p, ◯ ◇ □ p, ◯ ◇ ¬p, 0: ◯ □ ¬p, ¬p, p} (Axiom)
                                84:
                                {◯ ◇ □ ¬p, ◯ ◇ □ p, ◯ ◇ ¬p, 0: ◯ □ ¬p,
                                1: ◯ □ p, ¬p} (Backlink) [22] <pre={(1, 1),
                                                                   (0, 0)}>
                          77:
                          {0: □ ¬p, 2: □ p, ◯ ◇ □ ¬p, ◯ ◇ □ p, 1: ◯ □ ◇ ¬p} (Always) [
                          85 <{(2, 2), (1, 1)}/{}>,
                          86 <{(2, 2), (1, 1)}/{(0, 0)}>]
                            85:
                            {2: □ p, ◯ ◇ □ ¬p, ◯ ◇ □ p, 1: ◯ □ ◇ ¬p, ¬p} (Always) [
                            87 <{(1, 1)}/{}>, 88 <{(1, 1)}/{(2, 0)}>]
                              87:
                              {◯ ◇ □ ¬p, ◯ ◇ □ p, 1: ◯ □ ◇ ¬p, ¬p, p} (Axiom)
                              88:
                              {◯ ◇ □ ¬p, ◯ ◇ □ p, 1: ◯ □ ◇ ¬p, 0: ◯ □ p, ¬p} (Backlink) [26] <pre=
                              {(1, 1), (0, 0)}>
                            86:
                            {2: □ p, ◯ ◇ □ ¬p, ◯ ◇ □ p, 1: ◯ □ ◇ ¬p,
                            0: ◯ □ ¬p} (Always) [89 <{(1, 1), (0, 0)}/{}>,
                            90 <{(1, 1), (0, 0)}/{(2, 2)}>]
                              89:
                              {◯ ◇ □ ¬p, ◯ ◇ □ p, 1: ◯ □ ◇ ¬p, 0: ◯ □ ¬p, p} (Backlink) [27] <pre=
                              {(1, 1), (0, 0)}>
                              90:
                              {◯ ◇ □ ¬p, ◯ ◇ □ p, 1: ◯ □ ◇ ¬p, 0: ◯ □ ¬p,
                              2: ◯ □ p} (Backlink) [28] <pre={(2, 2),
                                                             (1, 1),
                                                             (0, 0)}>
                  28:
                  {◯ ◇ □ ¬p, ◯ ◇ □ p, 1: ◯ □ ◇ ¬p, 0: ◯ □ ¬p, 2: ◯ □ p} (Next) [
                  91 <{}/{(2, 0), (1, 2), (0, 1)}>]
                    91:
                    {◇ □ ¬p, ◇ □ p, 2: □ ◇ ¬p, 1: □ ¬p, 0: □ p} (Weaken) [
                    92 <{(2, 2), (0, 0)}/{}>]
                      92:
                      {◇ □ ¬p, ◇ □ p, 2: □ ◇ ¬p, 0: □ p} (Backlink) [55] <pre=
                      {(2, 1), (0, 0)}>
          6:
          {0: □ ¬p, 2: □ p, ◯ ◇ □ ¬p, ◯ ◇ □ p, 1: ◯ □ (◇ p ∧ □ ◇ ¬p)} (Always) [
          29 <{(2, 2), (1, 1)}/{}>, 30 <{(2, 2), (1, 1)}/{(0, 0)}>]
            29:
            {2: □ p, ◯ ◇ □ ¬p, ◯ ◇ □ p, 1: ◯ □ (◇ p ∧ □ ◇ ¬p), ¬p} (Always) [
            31 <{(1, 1)}/{}>, 32 <{(1, 1)}/{(2, 0)}>]
              31: {◯ ◇ □ ¬p, ◯ ◇ □ p, 1: ◯ □ (◇ p ∧ □ ◇ ¬p), ¬p, p} (Axiom)
              32:
              {◯ ◇ □ ¬p, ◯ ◇ □ p, 1: ◯ □ (◇ p ∧ □ ◇ ¬p), 0: ◯ □ p, ¬p} (Next) [
              93 <{}/{(1, 1), (0, 0)}>]
                93:
                {◇ □ ¬p, ◇ □ p, 1: □ (◇ p ∧ □ ◇ ¬p), 0: □ p} (Weaken) [
                94 <{(1, 1)}/{}>]
                  94:
                  {◇ □ ¬p, ◇ □ p, 1: □ (◇ p ∧ □ ◇ ¬p)} (Backlink) [2] <pre=
                  {(1, 1)}>
            30:
            {2: □ p, ◯ ◇ □ ¬p, ◯ ◇ □ p, 1: ◯ □ (◇ p ∧ □ ◇ ¬p), 0: ◯ □ ¬p} (Always) [
            33 <{(1, 1), (0, 0)}/{}>, 34 <{(1, 1), (0, 0)}/{(2, 2)}>]
              33:
              {◯ ◇ □ ¬p, ◯ ◇ □ p, 1: ◯ □ (◇ p ∧ □ ◇ ¬p), 0: ◯ □ ¬p, p} (Next) [
              95 <{}/{(1, 1), (0, 0)}>]
                95:
                {◇ □ ¬p, ◇ □ p, 1: □ (◇ p ∧ □ ◇ ¬p), 0: □ ¬p} (Weaken) [
                96 <{(1, 1)}/{}>]
                  96:
                  {◇ □ ¬p, ◇ □ p, 1: □ (◇ p ∧ □ ◇ ¬p)} (Backlink) [2] <pre=
                  {(1, 1)}>
              34:
              {◯ ◇ □ ¬p, ◯ ◇ □ p, 1: ◯ □ (◇ p ∧ □ ◇ ¬p), 0: ◯ □ ¬p, 2: ◯ □ p} (Next) [
              97 <{}/{(2, 0), (1, 2), (0, 1)}>]
                97:
                {◇ □ ¬p, ◇ □ p, 2: □ (◇ p ∧ □ ◇ ¬p), 1: □ ¬p, 0: □ p} (Weaken) [
                98 <{(2, 2)}/{}>]
                  98:
                  {◇ □ ¬p, ◇ □ p, 2: □ (◇ p ∧ □ ◇ ¬p)} (Backlink) [2] <pre=
                  {(2, 1)}>

