=== first-order-01-odd-even.1
$ cyclist fo prove -D examples/fo.defs -S 'O(x) |- N(x)' -p -t 60
exit: 0
0: O_0(x) |- N_1(x) (O L.Unf.) [1 <{(0, 1)}/{(0, 0)}>]
  1: O_1(s(w)) /\ E_0(w) |- N_1(s(w)) (N R.Unf.) [2 <{(1, 1), (0, 0)}/{}>]
    2:
    O_1(s(w)) /\ E_0(w) |- N_2(w) (E L.Unf.) [3 <{(1, 1), (0, 2)}/{}>,
    4 <{(1, 1), (0, 2)}/{(0, 0)}>]
      3: E_2(0) /\ O_1(s(0)) |- N_2(0) (N R.Unf.) [5 <{(2, 2), (1, 1)}/{}>]
        5: E_2(0) /\ O_1(s(0)) |- T (Id)
      4:
      E_2(s(y)) /\ O_1(s(s(y))) /\ O_0(y) |- N_2(s(y)) (N R.Unf.) [6 <
                                                                   {(2, 2),
                                                                   (1, 1),
                                                                   (0, 0)}/
                                                                   {}>]
        6:
        E_2(s(y)) /\ O_1(s(s(y))) /\ O_0(y) |- N_2(y) (Weaken) [7 <{(0, 0)}/
                                                                {}>]
          7: O_0(y) |- N_1(y) (Subst) [8 <{(0, 0)}/{}>]
            8: O_0(x) |- N_1(x) (Backl) [0] <pre={(0, 0)}>

=== first-order-02-even-or-odd.1
$ cyclist fo prove -D examples/fo.defs -S 'E(x) \/ O(x) |- N(x)' -p -t 60
exit: 0
0: O_1(x) \/ E_0(x) |- N_2(x) (L.Or) [1 <{(1, 1)}/{}>, 2 <{(0, 0)}/{}>]
  1: O_1(x) |- N_2(x) (O L.Unf.) [3 <{(1, 0)}/{(1, 1)}>]
    3: E_1(w) /\ O_0(s(w)) |- N_2(s(w)) (N R.Unf.) [4 <{(1, 1), (0, 0)}/{}>]
      4:
      E_1(w) /\ O_0(s(w)) |- N_3(w) (E L.Unf.) [5 <{(1, 2), (0, 0)}/{}>,
      6 <{(1, 2), (0, 0)}/{(1, 1)}>]
        5: E_2(0) /\ O_0(s(0)) |- N_3(0) (N R.Unf.) [7 <{(2, 2), (0, 0)}/{}>]
          7: E_2(0) /\ O_0(s(0)) |- T (Id)
        6:
        E_2(s(y)) /\ O_1(y) /\ O_0(s(s(y))) |- N_3(s(y)) (N R.Unf.) [
        8 <{(2, 2), (1, 1), (0, 0)}/{}>]
          8:
          E_2(s(y)) /\ O_1(y) /\ O_0(s(s(y))) |- N_3(y) (Weaken) [9 <
                                                                  {(1, 1)}/
                                                                  {}>]
            9: O_1(y) |- N_2(y) (Subst) [10 <{(1, 1)}/{}>]
              10: O_1(x) |- N_2(x) (Backl) [1] <pre={(1, 1)}>
  2: E_0(x) |- N_2(x) (E L.Unf.) [11 <{(0, 1)}/{}>, 12 <{(0, 1)}/{(0, 0)}>]
    11: E_1(0) |- N_2(0) (N R.Unf.) [13 <{(1, 1)}/{}>]
      13: E_1(0) |- T (Id)
    12:
    E_1(s(w)) /\ O_0(w) |- N_2(s(w)) (N R.Unf.) [14 <{(1, 1), (0, 0)}/{}>]
      14:
      E_1(s(w)) /\ O_0(w) |- N_3(w) (O L.Unf.) [15 <{(1, 1), (0, 2)}/
                                                {(0, 0)}>]
        15:
        O_2(s(y)) /\ E_1(s(s(y))) /\ E_0(y) |- N_3(s(y)) (N R.Unf.) [
        16 <{(2, 2), (1, 1), (0, 0)}/{}>]
          16:
          O_2(s(y)) /\ E_1(s(s(y))) /\ E_0(y) |- N_3(y) (Weaken) [17 <
                                                                  {(0, 0)}/
                                                                  {}>]
            17: E_0(y) |- N_2(y) (Subst) [18 <{(0, 0)}/{}>]
              18: E_0(x) |- N_2(x) (Backl) [2] <pre={(0, 0)}>

=== first-order-04-n-is-even-or-odd.1
$ cyclist fo prove -D examples/fo.defs -S 'N(x) |- O(x) \/ E(x)' -p -t 60
exit: 0
0:
N_0(x) |- E_2(x) \/ O_1(x) (N L.Unf.) [1 <{(0, 1)}/{}>,
2 <{(0, 1)}/{(0, 0)}>]
  1: N_1(0) |- E_2(0) \/ O_1(0) (E R.Unf.) [3 <{(1, 1)}/{}>]
    3: N_1(0) |- T \/ O_1(0) (Id)
  2:
  N_1(s(w)) /\ N_0(w) |- E_2(s(w)) \/ O_1(s(w)) (E R.Unf.) [4 <{(1, 1),
                                                               (0, 0)}/
                                                            {}>]
    4:
    N_1(s(w)) /\ N_0(w) |- O_6(w) \/ O_1(s(w)) (O R.Unf.) [5 <{(1, 1),
                                                              (0, 0)}/
                                                           {}>]
      5: N_1(s(w)) /\ N_0(w) |- E_7(w) \/ O_6(w) (Weaken) [6 <{(0, 0)}/{}>]
        6: N_0(w) |- E_2(w) \/ O_1(w) (Subst) [7 <{(0, 0)}/{}>]
          7: N_0(x) |- E_2(x) \/ O_1(x) (Backl) [0] <pre={(0, 0)}>

=== first-order-05-p-and-q.1
$ cyclist fo prove -D examples/fo.defs -S 'N(x) & N(y) |- Q(x,y)' -p -t 60
exit: 0
0:
N_1(y) /\ N_0(x) |- Q_2(x,y) (N L.Unf.) [1 <{(1, 2), (0, 0)}/{}>,
2 <{(1, 2), (0, 0)}/{(1, 1)}>]
  1: N_2(0) /\ N_0(x) |- Q_2(x,0) (Q R.Unf.) [3 <{(2, 2), (0, 0)}/{}>]
    3: N_2(0) /\ N_0(x) |- T (Id)
  2:
  N_2(s(w)) /\ N_1(w) /\ N_0(x) |- Q_2(x,s(w)) (Q R.Unf.) [4 <{(2, 2),
                                                              (1, 1),
                                                              (0, 0)}/
                                                           {}>]
    4:
    N_2(s(w)) /\ N_1(w) /\ N_0(x) |- P_1_1(x) /\ Q_0_1(x,w) (R.And) [
    5 <{(2, 2), (1, 1), (0, 0)}/{}>, 6 <{(2, 2), (1, 1), (0, 0)}/{}>]
      5:
      N_2(s(w)) /\ N_1(w) /\ N_0(x) |- P_1_1(x) (N L.Unf.) [7 <{(2, 2),
                                                               (1, 1),
                                                               (0, 3)}/
                                                            {}>,
      8 <{(2, 2), (1, 1), (0, 3)}/{(0, 0)}>]
        7:
        N_3(0) /\ N_2(s(w)) /\ N_1(w) |- P_1_1(0) (P R.Unf.) [9 <{(3, 3),
                                                                 (2, 2),
                                                                 (1, 1)}/
                                                              {}>]
          9: N_3(0) /\ N_2(s(w)) /\ N_1(w) |- T (Id)
        8:
        N_3(s(y)) /\ N_2(s(w)) /\ N_1(w) /\ N_0(y) |- P_1_1(s(y)) (P R.Unf.) [
        10 <{(3, 3), (2, 2), (1, 1), (0, 0)}/{}>]
          10:
          N_3(s(y)) /\ N_2(s(w)) /\ N_1(w) /\ N_0(y) |- Q_9(y,s(y)) /\ P_8(y) (R.And) [
          11 <{(3, 3), (2, 2), (1, 1), (0, 0)}/{}>,
          12 <{(3, 3), (2, 2), (1, 1), (0, 0)}/{}>]
            11:
            N_3(s(y)) /\ N_2(s(w)) /\ N_1(w) /\ N_0(y) |- Q_9(y,s(y)) (Weaken) [
            13 <{(1, 1), (0, 0)}/{}>]
              13:
              N_1(s(y)) /\ N_0(y) |- Q_2(y,s(y)) (Subst) [14 <{(1, 1),
                                                              (0, 0)}/
                                                          {}>]
                14: N_1(y) /\ N_0(x) |- Q_2(x,y) (Backl) [0] <pre={(0, 0)}>
            12:
            N_3(s(y)) /\ N_2(s(w)) /\ N_1(w) /\ N_0(y) |- P_8(y) (Weaken) [
            15 <{(2, 2), (1, 1), (0, 0)}/{}>]
              15:
              N_2(s(w)) /\ N_1(w) /\ N_0(y) |- P_1_1(y) /\ Q_0_1(y,w) (Subst) [
              16 <{(2, 2), (1, 1), (0, 0)}/{}>]
                16:
                N_2(s(w)) /\ N_1(w) /\ N_0(x) |- P_1_1(x) /\ Q_0_1(x,w) (Backl) [4] <pre=
                {(2, 2), (1, 1), (0, 0)}>
      6:
      N_2(s(w)) /\ N_1(w) /\ N_0(x) |- Q_0_1(x,w) (Weaken) [17 <{(1, 1),
                                                                (0, 0)}/
                                                            {}>]
        17: N_1(w) /\ N_0(x) |- Q_2(x,w) (Subst) [18 <{(1, 1), (0, 0)}/{}>]
          18: N_1(y) /\ N_0(x) |- Q_2(x,y) (Backl) [0] <pre={(1, 1), (0, 0)}>

=== first-order-07-a-plus-zero.1
$ cyclist fo prove -D examples/fo.defs -S 'N(x) |- ADD(x,0,x)' -p -t 60
exit: 0
0: N_0(x) |- ADD_1(x,0,x) (N L.Unf.) [1 <{(0, 1)}/{}>, 2 <{(0, 1)}/{(0, 0)}>]
  1: N_1(0) |- ADD_1(0,0,0) (ADD R.Unf.) [3 <{(1, 1)}/{}>]
    3: N_1(0) |- T (Id)
  2:
  N_1(s(w)) /\ N_0(w) |- ADD_1(s(w),0,s(w)) (ADD R.Unf.) [4 <{(1, 1), (0, 0)}/
                                                          {}>]
    4: N_1(s(w)) /\ N_0(w) |- ADD_1_2(w,0,w) (Weaken) [5 <{(0, 0)}/{}>]
      5: N_0(w) |- ADD_1(w,0,w) (Subst) [6 <{(0, 0)}/{}>]
        6: N_0(x) |- ADD_1(x,0,x) (Backl) [0] <pre={(0, 0)}>

=== first-order-08-sum-is-nat.1
$ cyclist fo prove -D examples/fo.defs -S 'N(x) & N(y) & ADD(x,y,z) |- N(z)' -p -t 60
exit: 0
0:
ADD_2(x,y,z) /\ N_1(y) /\ N_0(x) |- N_3(z) (ADD L.Unf.) [1 <{(2, 3),
                                                            (1, 1), (0, 0)}/
                                                         {(2, 2)}>,
2 <{(2, 3), (1, 1), (0, 0)}/{(2, 2)}>]
  1: ADD_3(0,y,y) /\ N_2(y) /\ N_1(y) /\ N_0(0) |- T (Id)
  2:
  ADD_3(s(b),y,s(w)) /\ ADD_2(b,y,w) /\ N_1(y) /\ N_0(s(b)) |- N_3(s(w)) (N R.Unf.) [
  3 <{(3, 3), (2, 2), (1, 1), (0, 0)}/{}>]
    3:
    ADD_3(s(b),y,s(w)) /\ ADD_2(b,y,w) /\ N_1(y) /\ N_0(s(b)) |- N_4(w) (N L.Unf.) [
    4 <{(3, 3), (2, 2), (1, 1), (0, 4)}/{}>,
    5 <{(3, 3), (2, 2), (1, 1), (0, 4)}/{(0, 0)}>]
      4:
      s(b)=0 /\ N_4(s(b)) /\ ADD_3(s(b),y,s(w)) /\ ADD_2(b,y,w) /\ N_1(y) |-
      N_4(w) (Ex Falso)
      5:
      N_4(s(b)) /\ ADD_3(s(b),y,s(w)) /\ ADD_2(b,y,w) /\ N_1(y) /\ N_0(b) |-
      N_4(w) (Weaken) [6 <{(2, 2), (1, 1), (0, 0)}/{}>]
        6:
        ADD_2(b,y,w) /\ N_1(y) /\ N_0(b) |- N_3(w) (Subst) [7 <{(2, 2),
                                                               (1, 1),
                                                               (0, 0)}/
                                                            {}>]
          7:
          ADD_2(x,y,z) /\ N_1(y) /\ N_0(x) |- N_3(z) (Backl) [0] <pre=
          {(2, 2), (1, 1), (0, 0)}>

=== first-order-09-a-plus-b-plus-one.1
$ cyclist fo prove -D examples/fo.defs -S 'N(x) & N(y) & ADD(x,y,z) |- ADD(x,s(y),s(z))' -p -t 60
exit: 0
0:
ADD_2(x,y,z) /\ N_1(y) /\ N_0(x) |- ADD_3(x,s(y),s(z)) (N L.Unf.) [1 <
                                                                   {(2, 2),
                                                                   (1, 1),
                                                                   (0, 3)}/
                                                                   {}>,
2 <{(2, 2), (1, 1), (0, 3)}/{(0, 0)}>]
  1:
  N_3(0) /\ ADD_2(0,y,z) /\ N_1(y) |- ADD_3(0,s(y),s(z)) (ADD R.Unf.) [
  3 <{(3, 3), (2, 2), (1, 1)}/{}>]
    3:
    N_3(0) /\ ADD_2(0,y,z) /\ N_1(y) |- z=y /\ N_2_2(s(z)) (R.And) [5 <
                                                                    {
                                                                    (3, 3),
                                                                    (2, 2),
                                                                    (1, 1)}/
                                                                    {}>,
    6 <{(3, 3), (2, 2), (1, 1)}/{}>]
      5:
      N_3(0) /\ ADD_2(0,y,z) /\ N_1(y) |- z=y (ADD L.Unf.) [7 <{(3, 3),
                                                               (2, 0),
                                                               (1, 1)}/
                                                            {(2, 2)}>,
      8 <{(3, 3), (2, 0), (1, 1)}/{(2, 2)}>]
        7: N_3(0) /\ N_2(y) /\ N_1(y) /\ ADD_0(0,y,y) |- T (Id)
        8:
        0=s(b) /\ N_3(0) /\ ADD_2(b,y,w) /\ N_1(y) /\ ADD_0(0,y,s(w)) |-
        s(w)=y (Ex Falso)
      6:
      N_3(0) /\ ADD_2(0,y,z) /\ N_1(y) |- N_2_2(s(z)) (ADD L.Unf.) [9 <
                                                                    {
                                                                    (3, 3),
                                                                    (2, 0),
                                                                    (1, 1)}/
                                                                    {
                                                                    (2, 2)}>,
      10 <{(3, 3), (2, 0), (1, 1)}/{(2, 2)}>]
        9:
        N_3(0) /\ N_2(y) /\ N_1(y) /\ ADD_0(0,y,y) |- N_2_2(s(y)) (N R.Unf.) [
        11 <{(3, 3), (2, 2), (1, 1), (0, 0)}/{}>]
          11: N_3(0) /\ N_2(y) /\ N_1(y) /\ ADD_0(0,y,y) |- T (Id)
        10:
        0=s(b) /\ N_3(0) /\ ADD_2(b,y,w) /\ N_1(y) /\ ADD_0(0,y,s(w)) |-
        N_2_2(s(s(w))) (Ex Falso)
  2:
  N_3(s(w)) /\ ADD_2(s(w),y,z) /\ N_1(y) /\ N_0(w) |- ADD_3(s(w),s(y),s(z)) (ADD R.Unf.) [
  4 <{(3, 3), (2, 2), (1, 1), (0, 0)}/{}>]
    4:
    N_3(s(w)) /\ ADD_2(s(w),y,z) /\ N_1(y) /\ N_0(w) |- ADD_3_2(w,s(y),z) (ADD L.Unf.) [
    12 <{(3, 3), (2, 4), (1, 1), (0, 0)}/{(2, 2)}>,
    13 <{(3, 3), (2, 4), (1, 1), (0, 0)}/{(2, 2)}>]
      12:
      s(w)=0 /\ ADD_4(s(w),y,y) /\ N_3(s(w)) /\ N_2(y) /\ N_1(y) /\ N_0(w) |-
      ADD_3_2(w,s(y),y) (Ex Falso)
      13:
      ADD_4(s(w),y,s(a)) /\ N_3(s(w)) /\ ADD_2(w,y,a) /\ N_1(y) /\ N_0(w) |-
      ADD_3_2(w,s(y),s(a)) (Weaken) [14 <{(2, 2), (1, 1), (0, 0)}/{}>]
        14:
        ADD_2(w,y,a) /\ N_1(y) /\ N_0(w) |- ADD_3(w,s(y),s(a)) (Subst) [
        15 <{(2, 2), (1, 1), (0, 0)}/{}>]
          15:
          ADD_2(x,y,z) /\ N_1(y) /\ N_0(x) |- ADD_3(x,s(y),s(z)) (Backl) [0] <pre=
          {(2, 2), (1, 1), (0, 0)}>

=== first-order-13-2-hydra.1
$ cyclist fo prove -D examples/fo.defs -S 'N(y) & N(x) |- H(x, y)' -p -t 60
exit: 0
0:
N_1(x) /\ N_0(y) |- H_2(x,y) (N L.Unf.) [1 <{(1, 1), (0, 2)}/{}>,
2 <{(1, 1), (0, 2)}/{(0, 0)}>]
  1:
  N_2(0) /\ N_1(x) |- H_2(x,0) (N L.Unf.) [3 <{(2, 2), (1, 0)}/{}>,
  4 <{(2, 2), (1, 0)}/{(1, 1)}>]
    3: N_2(0) /\ N_0(0) |- H_2(0,0) (H R.Unf.) [5 <{(2, 2), (0, 0)}/{}>]
      5: N_2(0) /\ N_0(0) |- T (Id)
    4:
    N_2(0) /\ N_1(w) /\ N_0(s(w)) |- H_2(s(w),0) (N L.Unf.) [6 <{(2, 2),
                                                                (1, 1),
                                                                (0, 3)}/
                                                             {}>,
    7 <{(2, 2), (1, 1), (0, 3)}/{(0, 0)}>]
      6: s(w)=0 /\ N_3(s(w)) /\ N_2(0) /\ N_1(w) |- H_2(s(w),0) (Ex Falso)
      7:
      N_3(s(w)) /\ N_2(0) /\ N_1(w) /\ N_0(w) |- H_2(s(w),0) (N L.Unf.) [
      8 <{(3, 3), (2, 2), (1, 1), (0, 4)}/{}>,
      9 <{(3, 3), (2, 2), (1, 1), (0, 4)}/{(0, 0)}>]
        8:
        N_4(0) /\ N_3(s(0)) /\ N_2(0) /\ N_1(0) |- H_2(s(0),0) (H R.Unf.) [
        10 <{(4, 4), (3, 3), (2, 2), (1, 1)}/{}>]
          10: N_4(0) /\ N_3(s(0)) /\ N_2(0) /\ N_1(0) |- T (Id)
        9:
        N_4(s(y)) /\ N_3(s(s(y))) /\ N_2(0) /\ N_1(s(y)) /\ N_0(y) |-
        H_2(s(s(y)),0) (H R.Unf.) [11 <{(4, 4), (3, 3), (2, 2), (1, 1),
                                       (0, 0)}/{}>]
          11:
          N_4(s(y)) /\ N_3(s(s(y))) /\ N_2(0) /\ N_1(s(y)) /\ N_0(y) |-
          H_1_3(s(y),y) (Weaken) [12 <{(1, 1), (0, 0)}/{}>]
            12:
            N_1(s(y)) /\ N_0(y) |- H_2(s(y),y) (Subst) [13 <{(1, 1), (0, 0)}/
                                                        {}>]
              13:
              N_1(x) /\ N_0(y) |- H_2(x,y) (Backl) [0] <pre={(1, 1), (0, 0)}>
  2:
  N_2(s(w)) /\ N_1(x) /\ N_0(w) |- H_2(x,s(w)) (N L.Unf.) [14 <{(2, 3),
                                                               (1, 1),
                                                               (0, 0)}/
                                                           {}>,
  15 <{(2, 3), (1, 1), (0, 0)}/{(2, 2)}>]
    14: s(w)=0 /\ N_3(s(w)) /\ N_1(x) /\ N_0(w) |- H_2(x,s(w)) (Ex Falso)
    15:
    N_3(s(w)) /\ N_2(w) /\ N_1(x) /\ N_0(w) |- H_2(x,s(w)) (N L.Unf.) [
    16 <{(3, 3), (2, 2), (1, 4), (0, 0)}/{}>,
    17 <{(3, 3), (2, 2), (1, 4), (0, 0)}/{(1, 1)}>]
      16:
      N_4(0) /\ N_3(s(w)) /\ N_2(w) /\ N_0(w) |- H_2(0,s(w)) (N L.Unf.) [
      18 <{(4, 4), (3, 3), (2, 2), (0, 1)}/{}>,
      19 <{(4, 4), (3, 3), (2, 2), (0, 1)}/{(0, 0)}>]
        18:
        N_4(0) /\ N_3(s(0)) /\ N_2(0) /\ N_1(0) |- H_2(0,s(0)) (H R.Unf.) [
        20 <{(4, 4), (3, 3), (2, 2), (1, 1)}/{}>]
          20: N_4(0) /\ N_3(s(0)) /\ N_2(0) /\ N_1(0) |- T (Id)
        19:
        N_4(0) /\ N_3(s(s(y))) /\ N_2(s(y)) /\ N_1(s(y)) /\ N_0(y) |-
        H_2(0,s(s(y))) (H R.Unf.) [21 <{(4, 4), (3, 3), (2, 2), (1, 1),
                                       (0, 0)}/{}>]
          21:
          N_4(0) /\ N_3(s(s(y))) /\ N_2(s(y)) /\ N_1(s(y)) /\ N_0(y) |-
          H_0_3(s(y),y) (Weaken) [22 <{(1, 1), (0, 0)}/{}>]
            22:
            N_1(s(y)) /\ N_0(y) |- H_2(s(y),y) (Subst) [23 <{(1, 1), (0, 0)}/
                                                        {}>]
              23:
              N_1(x) /\ N_0(y) |- H_2(x,y) (Backl) [0] <pre={(1, 1), (0, 0)}>
      17:
      N_4(s(y)) /\ N_3(s(w)) /\ N_2(w) /\ N_1(y) /\ N_0(w) |- H_2(s(y),s(w)) (N L.Unf.) [
      24 <{(4, 4), (3, 3), (2, 2), (1, 1), (0, 5)}/{}>,
      25 <{(4, 4), (3, 3), (2, 2), (1, 1), (0, 5)}/{(0, 0)}>]
        24:
        N_5(0) /\ N_4(s(y)) /\ N_3(s(0)) /\ N_2(0) /\ N_1(y) |-
        H_2(s(y),s(0)) (H R.Unf.) [26 <{(5, 5), (4, 4), (3, 3), (2, 2),
                                       (1, 1)}/{}>]
          26: N_5(0) /\ N_4(s(y)) /\ N_3(s(0)) /\ N_2(0) /\ N_1(y) |- T (Id)
        25:
        N_5(s(z)) /\ N_4(s(y)) /\ N_3(s(s(z))) /\ N_2(s(z)) /\ N_1(y) /\
        N_0(z) |- H_2(s(y),s(s(z))) (H R.Unf.) [27 <{(5, 5), (4, 4),
                                                    (3, 3), (2, 2), (1, 1),
                                                    (0, 0)}/{}>]
          27:
          N_5(s(z)) /\ N_4(s(y)) /\ N_3(s(s(z))) /\ N_2(s(z)) /\ N_1(y) /\
          N_0(z) |- H_9_2(y,z) (Weaken) [28 <{(1, 1), (0, 0)}/{}>]
            28:
            N_1(y) /\ N_0(z) |- H_2(y,z) (Subst) [29 <{(1, 1), (0, 0)}/{}>]
              29:
              N_1(x) /\ N_0(y) |- H_2(x,y) (Backl) [0] <pre={(1, 1), (0, 0)}>

=== first-order-14-two-n-is-n2.1
$ cyclist fo prove -D examples/fo.defs -S 'N(y) & N(x) |- N2(x,y)' -p -t 60
exit: 0
0:
N_1(x) /\ N_0(y) |- N2_2(x,y) (N L.Unf.) [1 <{(1, 2), (0, 0)}/{}>,
2 <{(1, 2), (0, 0)}/{(1, 1)}>]
  1: N_2(0) /\ N_0(y) |- N2_2(0,y) (N2 R.Unf.) [3 <{(2, 2), (0, 0)}/{}>]
    3: N_2(0) /\ N_0(y) |- T (Id)
  2:
  N_2(s(w)) /\ N_1(w) /\ N_0(y) |- N2_2(s(w),y) (N2 R.Unf.) [4 <{(2, 2),
                                                                (1, 1),
                                                                (0, 0)}/
                                                             {}>]
    4:
    N_2(s(w)) /\ N_1(w) /\ N_0(y) |- N2_5(y,w) (N L.Unf.) [5 <{(2, 2),
                                                              (1, 1),
                                                              (0, 3)}/
                                                           {}>,
    6 <{(2, 2), (1, 1), (0, 3)}/{(0, 0)}>]
      5:
      N_3(0) /\ N_2(s(w)) /\ N_1(w) |- N2_5(0,w) (N2 R.Unf.) [7 <{(3, 3),
                                                                 (2, 2),
                                                                 (1, 1)}/
                                                              {}>]
        7: N_3(0) /\ N_2(s(w)) /\ N_1(w) |- T (Id)
      6:
      N_3(s(z)) /\ N_2(s(w)) /\ N_1(w) /\ N_0(z) |- N2_5(s(z),w) (N2 R.Unf.) [
      8 <{(3, 3), (2, 2), (1, 1), (0, 0)}/{}>]
        8:
        N_3(s(z)) /\ N_2(s(w)) /\ N_1(w) /\ N_0(z) |- N2_5(w,z) (Weaken) [
        9 <{(1, 1), (0, 0)}/{}>]
          9: N_1(w) /\ N_0(z) |- N2_2(w,z) (Subst) [10 <{(1, 1), (0, 0)}/{}>]
            10:
            N_1(x) /\ N_0(y) |- N2_2(x,y) (Backl) [0] <pre={(1, 1), (0, 0)}>

